// Jest Snapshot v1, https://goo.gl/fbAQLP

exports[`matches snapshot 1`] = `
<DocumentFragment>
  <div
    class="mb-5 text-center"
  >
    <a
      class="MemberCard-link"
      href="/members/Happy Gilmore"
    >
      <div
        class="MemberCard-card card"
      >
        <div
          class="text-white py-3 mb-0 bg-dark card-title h5"
          tag="h5"
        >
          Happy Gilmore
        </div>
        <div
          class="card-body"
        >
          <div
            class="row justify-content-center"
          >
            <div
              class="col-10"
            >
              <table
                class="table"
              >
                <thead>
                  <tr>
                    <th
                      colspan="2"
                    >
                      Average
                    </th>
                  </tr>
                </thead>
                <tbody>
                  <tr>
                    <td>
                      Strokes
                    </td>
                    <td>
                      77
                    </td>
                  </tr>
                  <tr>
                    <td>
                      Putts
                    </td>
                    <td>
                      22
                    </td>
                  </tr>
                  <tr>
                    <td>
                      Greenies
                    </td>
                    <td>
                      1.11
                    </td>
                  </tr>
                </tbody>
              </table>
            </div>
          </div>
        </div>
      </div>
    </a>
  </div>
</DocumentFragment>
`;
