// Jest Snapshot v1, https://goo.gl/fbAQLP

exports[`matches snapshot 1`] = `
<DocumentFragment>
  <div
    class="row justify-content-center"
  >
    <div
      class="col-sm-8"
    >
      <div
        class="shadow mb-5 card"
      >
        <div
          class="display-2 text-center bg-dark text-white py-2 mb-0 card-title h5"
        >
          Register
        </div>
        <img
          alt="Register card image"
          class="card-img"
          src="https://images.unsplash.com/photo-1605144156683-5ebde77feed5?ixlib=rb-1.2.1&ixid=MnwxMjA3fDB8MHxwaG90by1wYWdlfHx8fGVufDB8fHx8&auto=format&fit=crop&w=1742&q=80"
        />
        <div
          class="px-5 py-5 card-body"
        >
          <form
            class=""
          >
            <div
              class="mb-3"
            >
              <label
                class="form-label"
                for="email"
              >
                Email
              </label>
              <input
                autocomplete="email"
                class="form-control"
                id="email"
                name="email"
                required=""
                type="email"
                value=""
              />
            </div>
            <div
              class="mb-3"
            >
              <label
                class="form-label"
                for="password"
              >
                Password
              </label>
              <input
                autocomplete="current-password"
                class="form-control"
                id="password"
                name="password"
                required=""
                type="password"
                value=""
              />
            </div>
            <div
              class="mb-3"
            >
              <label
                class="form-label"
                for="firstName"
              >
                First Name
              </label>
              <input
                class="form-control"
                id="firstName"
                name="firstName"
                required=""
                type="text"
                value=""
              />
            </div>
            <div
              class="mb-3"
            >
              <label
                class="form-label"
                for="lastName"
              >
                Last Name
              </label>
              <input
                class="form-control"
                id="lastName"
                name="lastName"
                required=""
                type="text"
                value=""
              />
            </div>
            <div
              class="row justify-content-end"
            >
              <div
                class="col-auto"
              >
                <button
                  class="btn btn-primary btn-block px-4"
                >
                  Register
                </button>
              </div>
            </div>
          </form>
        </div>
      </div>
    </div>
  </div>
</DocumentFragment>
`;
