// Jest Snapshot v1, https://goo.gl/fbAQLP

exports[`matches snapshot 1`] = `
<DocumentFragment>
  HOLE123456789101112131415161718TOT
</DocumentFragment>
`;
