// Jest Snapshot v1, https://goo.gl/fbAQLP

exports[`matches snapshot 1`] = `
<DocumentFragment>
  <div
    class="row justify-content-center"
  >
    <div
      class="col-md-8 col-lg-6"
    >
      <div
        class="card"
      >
        <div
          class="display-4 text-center bg-dark py-3 text-white card-title h5"
        >
          Update Profile
        </div>
        <div
          class="px-5 py-5 card-body"
        >
          <form
            class=""
          >
            <div
              class="mb-3"
            >
              <label
                class="form-label"
                for="firstName"
              >
                First Name
              </label>
              <input
                class="form-control"
                id="firstName"
                name="firstName"
                required=""
                type="text"
                value="Happy"
              />
            </div>
            <div
              class="mb-3"
            >
              <label
                class="form-label"
                for="lastName"
              >
                Last Name
              </label>
              <input
                class="form-control form-control"
                id="lastName"
                name="lastName"
                required=""
                type="text"
                value="Gilmore"
              />
            </div>
            <div
              class="mb-3"
            >
              <label
                class="form-label"
                for="email"
              >
                Email
              </label>
              <input
                autocomplete="email"
                class="form-control form-control"
                id="email"
                name="email"
                required=""
                type="text"
                value="happy@gmail.com"
              />
            </div>
            <div
              class="mb-3"
            >
              <label
                class="form-label"
                for="password"
              >
                Password
              </label>
              <input
                autocomplete="current-password"
                class="form-control form-control"
                id="password"
                name="password"
                required=""
                type="password"
                value=""
              />
            </div>
            <div
              class="row justify-content-end"
            >
              <div
                class="col-auto"
              >
                <button
                  class="btn btn-primary btn-block px-4"
                >
                  Submit
                </button>
              </div>
            </div>
          </form>
        </div>
      </div>
    </div>
  </div>
</DocumentFragment>
`;
