// Jest Snapshot v1, https://goo.gl/fbAQLP

exports[`matches snapshot 1`] = `
<DocumentFragment>
  <table
    class="table table-striped table-bordered"
  >
    <thead
      class="table-dark"
    >
      <tr>
        <th>
          PLAYER
        </th>
        <th>
          HOLE
        </th>
        <th>
          FEET
        </th>
        <th>
          INCH
        </th>
      </tr>
    </thead>
    <tbody>
      <tr>
        <th>
          <a
            class="text-decoration-none"
            href="/rounds/1"
          >
            Happy G
          </a>
        </th>
        <td>
          #1
        </td>
        <td>
          1
        </td>
        <td>
          1
        </td>
      </tr>
      <tr>
        <th>
          <a
            class="text-decoration-none"
            href="/rounds/2"
          >
            Shooter M
          </a>
        </th>
        <td>
          #1
        </td>
        <td>
          2
        </td>
        <td>
          2
        </td>
      </tr>
    </tbody>
  </table>
</DocumentFragment>
`;
