// Jest Snapshot v1, https://goo.gl/fbAQLP

exports[`matches snapshot 1`] = `
<DocumentFragment>
  <div
    class="row justify-content-center"
  >
    <div
      class="col-sm-10 col-md-8 col-lg-6"
    >
      <div
        class="card"
      >
        <div
          class="display-4 text-center bg-success py-2 text-white card-title h5"
        >
          New Greenie
        </div>
        <div
          class="card-body"
        >
          <form
            class=""
          >
            <div
              class="row align-items-center justify-content-center mb-3"
            >
              <div
                class="col-3 col-lg-auto"
              >
                <label
                  class="mb-0 form-label"
                  for="roundId"
                >
                  Name
                </label>
              </div>
              <div
                class="col-9"
              >
                <input
                  class="form-control"
                  readonly=""
                  value=""
                />
              </div>
            </div>
            <div
              class=""
            >
              <div
                class="row justify-content-center align-items-center mb-3"
              >
                <div
                  class="col-3 col-lg-auto"
                >
                  <label
                    class="mb-0 form-label"
                    for="holeNumber"
                  >
                    Hole #
                  </label>
                </div>
                <div
                  class="col-9"
                >
                  <select
                    class="form-control form-select"
                    id="holeNumber"
                    name="holeNumber"
                    required=""
                    type="select"
                  >
                    <option
                      value="3"
                    >
                      3
                    </option>
                    <option
                      value="7"
                    >
                      7
                    </option>
                    <option
                      value="12"
                    >
                      12
                    </option>
                    <option
                      value="16"
                    >
                      16
                    </option>
                  </select>
                </div>
              </div>
            </div>
            <div
              class=""
            >
              <div
                class="row justify-content-center align-items-center mb-3"
              >
                <div
                  class="col-3 col-lg-auto"
                >
                  <label
                    class="mb-0 form-label"
                    for="feet"
                  >
                    Feet
                  </label>
                </div>
                <div
                  class="col-9"
                >
                  <input
                    class="form-control"
                    id="feet"
                    min="0"
                    name="feet"
                    required=""
                    type="number"
                    value=""
                  />
                </div>
              </div>
            </div>
            <div
              class=""
            >
              <div
                class="row justify-content-center align-items-center mb-3"
              >
                <div
                  class="col-3 col-lg-auto"
                >
                  <label
                    class="mb-0 form-label"
                    for="inches"
                  >
                    Inches
                  </label>
                </div>
                <div
                  class="col-9"
                >
                  <input
                    class="form-control"
                    id="inches"
                    max="11"
                    min="0"
                    name="inches"
                    required=""
                    type="number"
                    value=""
                  />
                </div>
              </div>
            </div>
            <div
              class="row justify-content-end"
            >
              <div
                class="col-auto"
              >
                <button
                  class="btn btn-primary btn-block px-4"
                >
                  Submit
                </button>
              </div>
            </div>
          </form>
        </div>
      </div>
    </div>
  </div>
</DocumentFragment>
`;
